Microchip MPLAB XC8 Compiler V1.33 ()

Linker command line:

--edf=C:\Program Files (x86)\Microchip\xc8\v1.33\dat\en_msgs.txt -cs \
  -h+LE2-3.sym --cmf=LE2-3.cmf -z -Q16F877A \
  -oC:\Users\enzoa\AppData\Local\Temp\scu0.6 -MLE2-3.map -E1 -ver=XC8 \
  -ASTACK=0110h-016fh -pstack=STACK -ACONST=00h-0FFhx32 -ACODE=00h-07FFhx4 \
  -ASTRCODE=00h-01FFFh -AENTRY=00h-0FFhx32 -ASTRING=00h-0FFhx32 \
  -ACOMMON=070h-07Fh -ABANK0=020h-06Fh -ABANK1=0A0h-0EFh \
  -ABANK2=0110h-016Fh -ABANK3=0190h-01EFh \
  -ARAM=020h-06Fh,0A0h-0EFh,0110h-016Fh,0190h-01EFh \
  -AABS1=020h-07Fh,0A0h-0EFh,0110h-016Fh,0190h-01EFh -ASFR0=00h-01Fh \
  -ASFR1=080h-09Fh -ASFR2=0100h-010Fh -ASFR3=0180h-018Fh \
  -preset_vec=00h,intentry,init,end_init -ppowerup=CODE -pcinit=CODE \
  -pfunctab=CODE -ACONFIG=02007h-02007h -pconfig=CONFIG -DCONFIG=2 \
  -AIDLOC=02000h-02003h -pidloc=IDLOC -DIDLOC=2 -AEEDATA=00h-0FFh/02100h \
  -peeprom_data=EEDATA -DEEDATA=2 -DCODE=2 -DSTRCODE=2 -DSTRING=2 -DCONST=2 \
  -DENTRY=2 -k startup.obj LE2-3.obj 

Object code version is 3.11

Machine type is 16F877A



                Name                               Link     Load   Length Selector   Space Scale
startup.obj     end_init                              0        0        3        0       0
                config                             2007     2007        1     400E       0
LE2-3.obj       cinit                               7E4      7E4       1C      FC8       0
                text6                               6A7      6A7       5B      D4E       0
                text5                               65A      65A       4D      CB4       0
                text4                               629      629       31      C52       0
                text3                               5E6      5E6       10      BCC       0
                text2                               5F6      5F6       10      BEC       0
                text1                               606      606       23      C0C       0
                maintext                            702      702       E2      E04       0
                cstackBANK0                          20       20        C       20       1
                cstackCOMMON                         70       70        A       70       1
                dataBANK0                            2C       2C        4       20       1
                idataBANK0                          5E2      5E2        4      BC4       0

TOTAL           Name                               Link     Load   Length     Space
        CLASS   STACK          

        CLASS   CONST          

        CLASS   CODE           
                end_init                              0        0        3         0
                cinit                               7E4      7E4       1C         0
                text6                               6A7      6A7       5B         0
                text5                               65A      65A       4D         0
                text4                               629      629       31         0
                text3                               5E6      5E6       10         0
                text2                               5F6      5F6       10         0
                text1                               606      606       23         0
                maintext                            702      702       E2         0
                idataBANK0                          5E2      5E2        4         0

        CLASS   STRCODE        

        CLASS   ENTRY          

        CLASS   STRING         

        CLASS   COMMON         
                cstackCOMMON                         70       70        A         1

        CLASS   BANK0          
                cstackBANK0                          20       20        C         1
                dataBANK0                            2C       2C        4         1

        CLASS   BANK1          

        CLASS   BANK2          

        CLASS   BANK3          

        CLASS   RAM            

        CLASS   ABS1           
                abs_s1                               7E       7E        2         1

        CLASS   SFR0           

        CLASS   SFR1           

        CLASS   SFR2           

        CLASS   SFR3           

        CLASS   CONFIG         
                config                             2007     2007        1         0

        CLASS   IDLOC          

        CLASS   EEDATA         



SEGMENTS        Name                           Load    Length   Top    Selector   Space  Class     Delta

                reset_vec                      000000  000003  000003         0       0  CODE        2
                cstackBANK0                    000020  000010  000030        20       1  BANK0       1
                cstackCOMMON                   000070  00000A  00007A        70       1  COMMON      1
                idataBANK0                     0005E2  000004  0005E6       BC4       0  CODE        2
                text3                          0005E6  000010  0005F6       BCC       0  CODE        2
                text2                          0005F6  000010  000606       BEC       0  CODE        2
                text1                          000606  000023  000629       C0C       0  CODE        2
                text4                          000629  000031  00065A       C52       0  CODE        2
                text5                          00065A  00004D  0006A7       CB4       0  CODE        2
                text6                          0006A7  00005B  000702       D4E       0  CODE        2
                maintext                       000702  0000E2  0007E4       E04       0  CODE        2
                cinit                          0007E4  00001C  000800       FC8       0  CODE        2
                config                         002007  000001  002008      400E       0  CONFIG      2


UNUSED ADDRESS RANGES

        Name                Unused          Largest block    Delta
        BANK0            0030-006F             40           1
        BANK1            00A0-00EF             50           1
        BANK2            0110-016F             60           1
        BANK3            0190-01EF             60           1
        CODE             0003-05E1            5DF           2
                         0800-1FFF            800
        COMMON           007A-007D              4           1
        CONST            0003-05E1            100           2
                         0800-1FFF            100
        EEDATA           2100-21FF            100           2
        ENTRY            0003-05E1            100           2
                         0800-1FFF            100
        IDLOC            2000-2003              4           2
        RAM              0030-006F             40           1
                         00A0-00EF             50
                         0110-016F             60
                         0190-01EF             60
        SFR0             0000-001F             20           1
        SFR1             0080-009F             20           1
        SFR2             0100-010F             10           1
        SFR3             0180-018F             10           1
        STACK            0110-016F             60           1
        STRCODE          0003-05E1            5DF           2
                         0800-1FFF           1800
        STRING           0003-05E1            100           2
                         0800-1FFF            100

                                  Symbol Table

?___awdiv                cstackCOMMON 0070
?___awmod                cstackCOMMON 0070
_PORTB                   (abs)        0006
_PORTD                   (abs)        0008
_RC0                     (abs)        0038
_RC1                     (abs)        0039
_RC2                     (abs)        003A
_RD4                     (abs)        0044
_TRISA                   (abs)        0085
_TRISB                   (abs)        0086
_TRISC                   (abs)        0087
_TRISD                   (abs)        0088
__CFG_BOREN$ON           (abs)        0000
__CFG_CP$OFF             (abs)        0000
__CFG_CPD$OFF            (abs)        0000
__CFG_FOSC$XT            (abs)        0000
__CFG_LVP$OFF            (abs)        0000
__CFG_PWRTE$ON           (abs)        0000
__CFG_WDTE$OFF           (abs)        0000
__CFG_WRT$OFF            (abs)        0000
__Habs1                  abs1         0000
__Hbank0                 bank0        0000
__Hbank1                 bank1        0000
__Hbank2                 bank2        0000
__Hbank3                 bank3        0000
__Hcinit                 cinit        0800
__Hclrtext               clrtext      0000
__Hcode                  code         0000
__Hcommon                common       0000
__Hconfig                config       2008
__HcstackBANK0           cstackBANK0  0000
__HcstackCOMMON          cstackCOMMON 0000
__HdataBANK0             dataBANK0    0000
__Heeprom_data           eeprom_data  0000
__Hend_init              end_init     0003
__Hfunctab               functab      0000
__HidataBANK0            idataBANK0   0000
__Hidloc                 idloc        0000
__Hinit                  init         0000
__Hintentry              intentry     0000
__Hmaintext              maintext     0000
__Hpowerup               powerup      0000
__Hram                   ram          0000
__Hreset_vec             reset_vec    0000
__Hsfr0                  sfr0         0000
__Hsfr1                  sfr1         0000
__Hsfr2                  sfr2         0000
__Hsfr3                  sfr3         0000
__Hspace_0               (abs)        2008
__Hspace_1               (abs)        007A
__Hspace_2               (abs)        0000
__Hspace_3               (abs)        0000
__Hstack                 stack        0000
__Hstrings               strings      0000
__Htext                  text         0000
__Labs1                  abs1         0000
__Lbank0                 bank0        0000
__Lbank1                 bank1        0000
__Lbank2                 bank2        0000
__Lbank3                 bank3        0000
__Lcinit                 cinit        07E4
__Lclrtext               clrtext      0000
__Lcode                  code         0000
__Lcommon                common       0000
__Lconfig                config       2007
__LcstackBANK0           cstackBANK0  0000
__LcstackCOMMON          cstackCOMMON 0000
__LdataBANK0             dataBANK0    0000
__Leeprom_data           eeprom_data  0000
__Lend_init              end_init     0000
__Lfunctab               functab      0000
__LidataBANK0            idataBANK0   0000
__Lidloc                 idloc        0000
__Linit                  init         0000
__Lintentry              intentry     0000
__Lmaintext              maintext     0000
__Lpowerup               powerup      0000
__Lram                   ram          0000
__Lreset_vec             reset_vec    0000
__Lsfr0                  sfr0         0000
__Lsfr1                  sfr1         0000
__Lsfr2                  sfr2         0000
__Lsfr3                  sfr3         0000
__Lspace_0               (abs)        0000
__Lspace_1               (abs)        0000
__Lspace_2               (abs)        0000
__Lspace_3               (abs)        0000
__Lstack                 stack        0000
__Lstrings               strings      0000
__Ltext                  text         0000
__S0                     (abs)        2008
__S1                     (abs)        007A
__S2                     (abs)        0000
__S3                     (abs)        0000
___awdiv                 text6        06A7
___awdiv@counter         cstackCOMMON 0075
___awdiv@dividend        cstackCOMMON 0072
___awdiv@divisor         cstackCOMMON 0070
___awdiv@quotient        cstackCOMMON 0077
___awdiv@sign            cstackCOMMON 0076
___awmod                 text5        065A
___awmod@counter         cstackCOMMON 0075
___awmod@dividend        cstackCOMMON 0072
___awmod@divisor         cstackCOMMON 0070
___awmod@sign            cstackCOMMON 0076
___int_sp                stack        0000
___latbits               (abs)        0002
___sp                    stack        0000
__end_of___awdiv         text6        0702
__end_of___awmod         text5        06A7
__end_of__initialization cinit        07FC
__end_of_dataCtrl        text3        05F6
__end_of_delay           text4        065A
__end_of_initLCD         text1        0629
__end_of_instCtrl        text2        0606
__end_of_main            maintext     07E4
__initialization         cinit        07E4
__pcstackBANK0           cstackBANK0  0020
__pcstackCOMMON          cstackCOMMON 0070
__pdataBANK0             dataBANK0    002C
__pidataBANK0            idataBANK0   05E2
__pmaintext              maintext     0702
__ptext1                 text1        0606
__ptext2                 text2        05F6
__ptext3                 text3        05E6
__ptext4                 text4        0629
__ptext5                 text5        065A
__ptext6                 text6        06A7
__size_of___awdiv        (abs)        0000
__size_of___awmod        (abs)        0000
__size_of_dataCtrl       (abs)        0000
__size_of_delay          (abs)        0000
__size_of_initLCD        (abs)        0000
__size_of_instCtrl       (abs)        0000
__size_of_main           (abs)        0000
_dataCtrl                text3        05E6
_delay                   text4        0629
_initLCD                 text1        0606
_instCtrl                text2        05F6
_main                    maintext     0702
btemp                    (abs)        007E
dataCtrl@INST            cstackCOMMON 0077
delay@cnt                cstackCOMMON 0072
delay@i                  cstackCOMMON 0073
delay@j                  cstackCOMMON 0075
end_of_initialization    cinit        07FC
instCtrl@INST            cstackCOMMON 0077
intlevel0                functab      0000
intlevel1                functab      0000
intlevel2                functab      0000
intlevel3                functab      0000
intlevel4                functab      0000
intlevel5                functab      0000
ltemp                    (abs)        007E
ltemp0                   (abs)        007E
ltemp1                   (abs)        0082
ltemp2                   (abs)        0086
ltemp3                   (abs)        0080
main@DATA                cstackBANK0  0028
main@F1103               dataBANK0    002C
main@ch                  cstackBANK0  002B
main@chars               cstackBANK0  0029
main@row                 cstackBANK0  0024
main@rowAddr             cstackBANK0  0020
main@valid               cstackBANK0  0026
reset_vec                reset_vec    0000
stackhi                  (abs)        0000
stacklo                  (abs)        0000
start                    init         0000
start_initialization     cinit        07E4
ttemp                    (abs)        007E
ttemp0                   (abs)        007E
ttemp1                   (abs)        0081
ttemp2                   (abs)        0084
ttemp3                   (abs)        0087
ttemp4                   (abs)        007F
wtemp                    (abs)        007E
wtemp0                   (abs)        007E
wtemp1                   (abs)        0080
wtemp2                   (abs)        0082
wtemp3                   (abs)        0084
wtemp4                   (abs)        0086
wtemp5                   (abs)        0088
wtemp6                   (abs)        007F


FUNCTION INFORMATION:

 *************** function _main *****************
 Defined at:
		line 45 in file "C:\Users\enzoa\OneDrive\Documents\GitHub\3rd_Year_Archives\CpE3201_Embedded_Systems\Practical_Activities\PA2\LE2-3\LE2-3.c"
 Parameters:    Size  Location     Type
		None
 Auto vars:     Size  Location     Type
  row             2    4[BANK0 ] int 
  valid           2    6[BANK0 ] int 
  ch              1   11[BANK0 ] unsigned char 
  rowAddr         4    0[BANK0 ] unsigned char [4]
  chars           2    9[BANK0 ] int 
  DATA            1    8[BANK0 ] unsigned char 
 Return value:  Size  Location     Type
		None               void
 Registers used:
		wreg, fsr0l, fsr0h, status,2, status,0, btemp+1, pclath, cstack
 Tracked objects:
		On entry : 
		On exit  : 
		Unchanged: 
 Data sizes:     COMMON   BANK0   BANK1   BANK3   BANK2
      Params:         0       0       0       0       0
      Locals:         0      12       0       0       0
      Temps:          1       0       0       0       0
      Totals:         1      12       0       0       0
Total ram usage:       13 bytes
 Hardware stack levels required when called:    3
 This function calls:
		___awdiv
		___awmod
		_dataCtrl
		_delay
		_initLCD
		_instCtrl
 This function is called by:
		Startup code after reset
 This function uses a non-reentrant model


 *************** function _initLCD *****************
 Defined at:
		line 36 in file "C:\Users\enzoa\OneDrive\Documents\GitHub\3rd_Year_Archives\CpE3201_Embedded_Systems\Practical_Activities\PA2\LE2-3\LE2-3.c"
 Parameters:    Size  Location     Type
		None
 Auto vars:     Size  Location     Type
		None
 Return value:  Size  Location     Type
		None               void
 Registers used:
		wreg, status,2, status,0, btemp+1, pclath, cstack
 Tracked objects:
		On entry : 
		On exit  : 
		Unchanged: 
 Data sizes:     COMMON   BANK0   BANK1   BANK3   BANK2
      Params:         0       0       0       0       0
      Locals:         0       0       0       0       0
      Temps:          0       0       0       0       0
      Totals:         0       0       0       0       0
Total ram usage:        0 bytes
 Hardware stack levels used:    1
 Hardware stack levels required when called:    2
 This function calls:
		_delay
		_instCtrl
 This function is called by:
		_main
 This function uses a non-reentrant model


 *************** function _instCtrl *****************
 Defined at:
		line 18 in file "C:\Users\enzoa\OneDrive\Documents\GitHub\3rd_Year_Archives\CpE3201_Embedded_Systems\Practical_Activities\PA2\LE2-3\LE2-3.c"
 Parameters:    Size  Location     Type
  INST            1    wreg     unsigned char 
 Auto vars:     Size  Location     Type
  INST            1    7[COMMON] unsigned char 
 Return value:  Size  Location     Type
		None               void
 Registers used:
		wreg, status,2, status,0, btemp+1, pclath, cstack
 Tracked objects:
		On entry : 
		On exit  : 
		Unchanged: 
 Data sizes:     COMMON   BANK0   BANK1   BANK3   BANK2
      Params:         0       0       0       0       0
      Locals:         1       0       0       0       0
      Temps:          0       0       0       0       0
      Totals:         1       0       0       0       0
Total ram usage:        1 bytes
 Hardware stack levels used:    1
 Hardware stack levels required when called:    1
 This function calls:
		_delay
 This function is called by:
		_initLCD
		_main
 This function uses a non-reentrant model


 *************** function _dataCtrl *****************
 Defined at:
		line 27 in file "C:\Users\enzoa\OneDrive\Documents\GitHub\3rd_Year_Archives\CpE3201_Embedded_Systems\Practical_Activities\PA2\LE2-3\LE2-3.c"
 Parameters:    Size  Location     Type
  INST            1    wreg     unsigned char 
 Auto vars:     Size  Location     Type
  INST            1    7[COMMON] unsigned char 
 Return value:  Size  Location     Type
		None               void
 Registers used:
		wreg, status,2, status,0, btemp+1, pclath, cstack
 Tracked objects:
		On entry : 
		On exit  : 
		Unchanged: 
 Data sizes:     COMMON   BANK0   BANK1   BANK3   BANK2
      Params:         0       0       0       0       0
      Locals:         1       0       0       0       0
      Temps:          0       0       0       0       0
      Totals:         1       0       0       0       0
Total ram usage:        1 bytes
 Hardware stack levels used:    1
 Hardware stack levels required when called:    1
 This function calls:
		_delay
 This function is called by:
		_main
 This function uses a non-reentrant model


 *************** function _delay *****************
 Defined at:
		line 11 in file "C:\Users\enzoa\OneDrive\Documents\GitHub\3rd_Year_Archives\CpE3201_Embedded_Systems\Practical_Activities\PA2\LE2-3\LE2-3.c"
 Parameters:    Size  Location     Type
  cnt             1    wreg     unsigned char 
 Auto vars:     Size  Location     Type
  cnt             1    2[COMMON] unsigned char 
  j               2    5[COMMON] int 
  i               2    3[COMMON] int 
 Return value:  Size  Location     Type
		None               void
 Registers used:
		wreg, status,2, status,0, btemp+1
 Tracked objects:
		On entry : 
		On exit  : 
		Unchanged: 
 Data sizes:     COMMON   BANK0   BANK1   BANK3   BANK2
      Params:         0       0       0       0       0
      Locals:         5       0       0       0       0
      Temps:          2       0       0       0       0
      Totals:         7       0       0       0       0
Total ram usage:        7 bytes
 Hardware stack levels used:    1
 This function calls:
		Nothing
 This function is called by:
		_instCtrl
		_dataCtrl
		_initLCD
		_main
 This function uses a non-reentrant model


 *************** function ___awmod *****************
 Defined at:
		line 6 in file "C:\Program Files (x86)\Microchip\xc8\v1.33\sources\common\awmod.c"
 Parameters:    Size  Location     Type
  divisor         2    0[COMMON] int 
  dividend        2    2[COMMON] int 
 Auto vars:     Size  Location     Type
  sign            1    6[COMMON] unsigned char 
  counter         1    5[COMMON] unsigned char 
 Return value:  Size  Location     Type
                  2    0[COMMON] int 
 Registers used:
		wreg, status,2, status,0
 Tracked objects:
		On entry : 
		On exit  : 
		Unchanged: 
 Data sizes:     COMMON   BANK0   BANK1   BANK3   BANK2
      Params:         4       0       0       0       0
      Locals:         2       0       0       0       0
      Temps:          1       0       0       0       0
      Totals:         7       0       0       0       0
Total ram usage:        7 bytes
 Hardware stack levels used:    1
 This function calls:
		Nothing
 This function is called by:
		_main
 This function uses a non-reentrant model


 *************** function ___awdiv *****************
 Defined at:
		line 6 in file "C:\Program Files (x86)\Microchip\xc8\v1.33\sources\common\awdiv.c"
 Parameters:    Size  Location     Type
  divisor         2    0[COMMON] int 
  dividend        2    2[COMMON] int 
 Auto vars:     Size  Location     Type
  quotient        2    7[COMMON] int 
  sign            1    6[COMMON] unsigned char 
  counter         1    5[COMMON] unsigned char 
 Return value:  Size  Location     Type
                  2    0[COMMON] int 
 Registers used:
		wreg, status,2, status,0
 Tracked objects:
		On entry : 
		On exit  : 
		Unchanged: 
 Data sizes:     COMMON   BANK0   BANK1   BANK3   BANK2
      Params:         4       0       0       0       0
      Locals:         4       0       0       0       0
      Temps:          1       0       0       0       0
      Totals:         9       0       0       0       0
Total ram usage:        9 bytes
 Hardware stack levels used:    1
 This function calls:
		Nothing
 This function is called by:
		_main
 This function uses a non-reentrant model



MODULE INFORMATION

Module		Function		Class		Link	Load	Size
C:\Program Files (x86)\Microchip\xc8\v1.33\sources\common\awmod.c
		___awmod       		CODE           	065A	0000	77

C:\Program Files (x86)\Microchip\xc8\v1.33\sources\common\awmod.c estimated size: 77

C:\Program Files (x86)\Microchip\xc8\v1.33\sources\common\awdiv.c
		___awdiv       		CODE           	06A7	0000	91

C:\Program Files (x86)\Microchip\xc8\v1.33\sources\common\awdiv.c estimated size: 91

shared
		__initializatio		CODE           	07E4	0000	24

shared estimated size: 24

C:\Users\enzoa\OneDrive\Documents\GitHub\3rd_Year_Archives\CpE3201_Embedded_Systems\Practical_Activities\PA2\LE2-3\LE2-3.c
		_delay         		CODE           	0629	0000	49
		_main          		CODE           	0702	0000	226
		_instCtrl      		CODE           	05F6	0000	16
		_dataCtrl      		CODE           	05E6	0000	16
		_initLCD       		CODE           	0606	0000	35

C:\Users\enzoa\OneDrive\Documents\GitHub\3rd_Year_Archives\CpE3201_Embedded_Systems\Practical_Activities\PA2\LE2-3\LE2-3.c estimated size: 342

