Microchip MPLAB XC8 Compiler V1.33 ()

Linker command line:

--edf=C:\Program Files (x86)\Microchip\xc8\v1.33\dat\en_msgs.txt -cs \
  -h+LE4-7.sym --cmf=LE4-7.cmf -z -Q16F877A \
  -oC:\Users\enzoa\AppData\Local\Temp\se8k.6 -MLE4-7.map -E1 -ver=XC8 \
  -ASTACK=0110h-016fh -pstack=STACK -ACONST=00h-0FFhx32 -ACODE=00h-07FFhx4 \
  -ASTRCODE=00h-01FFFh -AENTRY=00h-0FFhx32 -ASTRING=00h-0FFhx32 \
  -ACOMMON=070h-07Fh -ABANK0=020h-06Fh -ABANK1=0A0h-0EFh \
  -ABANK2=0110h-016Fh -ABANK3=0190h-01EFh \
  -ARAM=020h-06Fh,0A0h-0EFh,0110h-016Fh,0190h-01EFh \
  -AABS1=020h-07Fh,0A0h-0EFh,0110h-016Fh,0190h-01EFh -ASFR0=00h-01Fh \
  -ASFR1=080h-09Fh -ASFR2=0100h-010Fh -ASFR3=0180h-018Fh \
  -preset_vec=00h,intentry,init,end_init -ppowerup=CODE -pcinit=CODE \
  -pfunctab=CODE -ACONFIG=02007h-02007h -pconfig=CONFIG -DCONFIG=2 \
  -AIDLOC=02000h-02003h -pidloc=IDLOC -DIDLOC=2 -AEEDATA=00h-0FFh/02100h \
  -peeprom_data=EEDATA -DEEDATA=2 -DCODE=2 -DSTRCODE=2 -DSTRING=2 -DCONST=2 \
  -DENTRY=2 -k startup.obj LE4-7.obj 

Object code version is 3.11

Machine type is 16F877A



                Name                               Link     Load   Length Selector   Space Scale
startup.obj     end_init                              0        0        3        0       0
                config                             2007     2007        1     400E       0
LE4-7.obj       cinit                               7FA      7FA        6      FF4       0
                text4                               6C9      6C9       27      D92       0
                text3                               6F0      6F0       3E      DE0       0
                text2                               6A6      6A6       23      D4C       0
                text1                               78C      78C       6E      F18       0
                maintext                            72E      72E       5E      E5C       0
                cstackBANK0                          20       20        9       20       1
                cstackCOMMON                         70       70        E       70       1
                bssBANK0                             29       29        2       20       1
                strings                               3        3        E        6       0

TOTAL           Name                               Link     Load   Length     Space
        CLASS   STACK          

        CLASS   CONST          

        CLASS   CODE           
                end_init                              0        0        3         0
                cinit                               7FA      7FA        6         0
                text4                               6C9      6C9       27         0
                text3                               6F0      6F0       3E         0
                text2                               6A6      6A6       23         0
                text1                               78C      78C       6E         0
                maintext                            72E      72E       5E         0

        CLASS   STRCODE        

        CLASS   ENTRY          

        CLASS   STRING         
                strings                               3        3        E         0

        CLASS   COMMON         
                cstackCOMMON                         70       70        E         1

        CLASS   BANK0          
                cstackBANK0                          20       20        9         1
                bssBANK0                             29       29        2         1

        CLASS   BANK1          

        CLASS   BANK2          

        CLASS   BANK3          

        CLASS   RAM            

        CLASS   ABS1           
                abs_s1                               7E       7E        2         1

        CLASS   SFR0           

        CLASS   SFR1           

        CLASS   SFR2           

        CLASS   SFR3           

        CLASS   CONFIG         
                config                             2007     2007        1         0

        CLASS   IDLOC          

        CLASS   EEDATA         



SEGMENTS        Name                           Load    Length   Top    Selector   Space  Class     Delta

                reset_vec                      000000  000003  000003         0       0  CODE        2
                strings                        000003  00000E  000011         6       0  STRING      2
                cstackBANK0                    000020  00000B  00002B        20       1  BANK0       1
                cstackCOMMON                   000070  00000E  00007E        70       1  COMMON      1
                text2                          0006A6  000023  0006C9       D4C       0  CODE        2
                text4                          0006C9  000027  0006F0       D92       0  CODE        2
                text3                          0006F0  00003E  00072E       DE0       0  CODE        2
                maintext                       00072E  00005E  00078C       E5C       0  CODE        2
                text1                          00078C  00006E  0007FA       F18       0  CODE        2
                cinit                          0007FA  000006  000800       FF4       0  CODE        2
                config                         002007  000001  002008      400E       0  CONFIG      2


UNUSED ADDRESS RANGES

        Name                Unused          Largest block    Delta
        BANK0            002B-006F             45           1
        BANK1            00A0-00EF             50           1
        BANK2            0110-016F             60           1
        BANK3            0190-01EF             60           1
        CODE             0011-06A5            695           2
                         0800-1FFF            800
        CONST            0011-06A5            100           2
                         0800-1FFF            100
        EEDATA           2100-21FF            100           2
        ENTRY            0011-06A5            100           2
                         0800-1FFF            100
        IDLOC            2000-2003              4           2
        RAM              002B-006F             45           1
                         00A0-00EF             50
                         0110-016F             60
                         0190-01EF             60
        SFR0             0000-001F             20           1
        SFR1             0080-009F             20           1
        SFR2             0100-010F             10           1
        SFR3             0180-018F             10           1
        STACK            0110-016F             60           1
        STRCODE          0011-06A5            695           2
                         0800-1FFF           1800
        STRING           0011-06A5            100           2
                         0800-1FFF            100

                                  Symbol Table

?___lwdiv                cstackCOMMON 0076
?___wmul                 cstackCOMMON 0070
_ADCON1                  (abs)        009F
_CCP1CON                 (abs)        0017
_CCPR1L                  (abs)        0015
_PR2                     (abs)        0092
_RB0                     (abs)        0030
_RB1                     (abs)        0031
_RC2                     (abs)        003A
_T2CON                   (abs)        0012
_TMR2ON                  (abs)        0092
_TRISB                   (abs)        0086
_TRISC                   (abs)        0087
__CFG_BOREN$ON           (abs)        0000
__CFG_CP$OFF             (abs)        0000
__CFG_CPD$OFF            (abs)        0000
__CFG_FOSC$XT            (abs)        0000
__CFG_LVP$OFF            (abs)        0000
__CFG_PWRTE$ON           (abs)        0000
__CFG_WDTE$OFF           (abs)        0000
__CFG_WRT$OFF            (abs)        0000
__Habs1                  abs1         0000
__Hbank0                 bank0        0000
__Hbank1                 bank1        0000
__Hbank2                 bank2        0000
__Hbank3                 bank3        0000
__HbssBANK0              bssBANK0     0000
__Hcinit                 cinit        0800
__Hclrtext               clrtext      0000
__Hcode                  code         0000
__Hcommon                common       0000
__Hconfig                config       2008
__HcstackBANK0           cstackBANK0  0000
__HcstackCOMMON          cstackCOMMON 0000
__Heeprom_data           eeprom_data  0000
__Hend_init              end_init     0003
__Hfunctab               functab      0000
__Hidloc                 idloc        0000
__Hinit                  init         0000
__Hintentry              intentry     0000
__Hmaintext              maintext     0000
__Hpowerup               powerup      0000
__Hram                   ram          0000
__Hreset_vec             reset_vec    0000
__Hsfr0                  sfr0         0000
__Hsfr1                  sfr1         0000
__Hsfr2                  sfr2         0000
__Hsfr3                  sfr3         0000
__Hspace_0               (abs)        2008
__Hspace_1               (abs)        007E
__Hspace_2               (abs)        0000
__Hspace_3               (abs)        0000
__Hstack                 stack        0000
__Hstrings               strings      0000
__Htext                  text         0000
__Labs1                  abs1         0000
__Lbank0                 bank0        0000
__Lbank1                 bank1        0000
__Lbank2                 bank2        0000
__Lbank3                 bank3        0000
__LbssBANK0              bssBANK0     0000
__Lcinit                 cinit        07FA
__Lclrtext               clrtext      0000
__Lcode                  code         0000
__Lcommon                common       0000
__Lconfig                config       2007
__LcstackBANK0           cstackBANK0  0000
__LcstackCOMMON          cstackCOMMON 0000
__Leeprom_data           eeprom_data  0000
__Lend_init              end_init     0000
__Lfunctab               functab      0000
__Lidloc                 idloc        0000
__Linit                  init         0000
__Lintentry              intentry     0000
__Lmaintext              maintext     0000
__Lpowerup               powerup      0000
__Lram                   ram          0000
__Lreset_vec             reset_vec    0000
__Lsfr0                  sfr0         0000
__Lsfr1                  sfr1         0000
__Lsfr2                  sfr2         0000
__Lsfr3                  sfr3         0000
__Lspace_0               (abs)        0000
__Lspace_1               (abs)        0000
__Lspace_2               (abs)        0000
__Lspace_3               (abs)        0000
__Lstack                 stack        0000
__Lstrings               strings      0000
__Ltext                  text         0000
__S0                     (abs)        2008
__S1                     (abs)        007E
__S2                     (abs)        0000
__S3                     (abs)        0000
___int_sp                stack        0000
___latbits               (abs)        0002
___lwdiv                 text3        06F0
___lwdiv@counter         cstackCOMMON 007D
___lwdiv@dividend        cstackCOMMON 0078
___lwdiv@divisor         cstackCOMMON 0076
___lwdiv@quotient        cstackCOMMON 007B
___sp                    stack        0000
___wmul                  text2        06A6
___wmul@multiplicand     cstackCOMMON 0072
___wmul@multiplier       cstackCOMMON 0070
___wmul@product          cstackCOMMON 0074
__end_of___lwdiv         text3        072E
__end_of___wmul          text2        06C9
__end_of__initialization cinit        07FC
__end_of__stringtab      strings      0009
__end_of_delay_ms        text4        06F0
__end_of_dutyTable       strings      000E
__end_of_main            maintext     078C
__end_of_pr2Table        strings      0011
__end_of_updatePWM       text1        07FA
__initialization         cinit        07FA
__pbssBANK0              bssBANK0     0029
__pcstackBANK0           cstackBANK0  0020
__pcstackCOMMON          cstackCOMMON 0070
__pmaintext              maintext     072E
__pstrings               strings      0003
__ptext1                 text1        078C
__ptext2                 text2        06A6
__ptext3                 text3        06F0
__ptext4                 text4        06C9
__size_of___lwdiv        (abs)        0000
__size_of___wmul         (abs)        0000
__size_of_delay_ms       (abs)        0000
__size_of_main           (abs)        0000
__size_of_updatePWM      (abs)        0000
__stringbase             strings      0008
__stringtab              strings      0003
_delay_ms                text4        06C9
_dutyIdx                 bssBANK0     0029
_dutyTable               strings      0009
_freqIdx                 bssBANK0     002A
_main                    maintext     072E
_pr2Table                strings      000E
_updatePWM               text1        078C
btemp                    (abs)        007E
delay_ms@i               cstackCOMMON 0072
delay_ms@j               cstackCOMMON 0074
delay_ms@ms              cstackCOMMON 0070
end_of_initialization    cinit        07FC
intlevel0                functab      0000
intlevel1                functab      0000
intlevel2                functab      0000
intlevel3                functab      0000
intlevel4                functab      0000
intlevel5                functab      0000
ltemp                    (abs)        007E
ltemp0                   (abs)        007E
ltemp1                   (abs)        0082
ltemp2                   (abs)        0086
ltemp3                   (abs)        0080
reset_vec                reset_vec    0000
stackhi                  (abs)        0000
stacklo                  (abs)        0000
start                    init         0000
start_initialization     cinit        07FA
ttemp                    (abs)        007E
ttemp0                   (abs)        007E
ttemp1                   (abs)        0081
ttemp2                   (abs)        0084
ttemp3                   (abs)        0087
ttemp4                   (abs)        007F
updatePWM@dcVal          cstackBANK0  0025
updatePWM@duty           cstackBANK0  0024
updatePWM@pr2            cstackBANK0  0027
wtemp                    (abs)        007E
wtemp0                   (abs)        007E
wtemp1                   (abs)        0080
wtemp2                   (abs)        0082
wtemp3                   (abs)        0084
wtemp4                   (abs)        0086
wtemp5                   (abs)        0088
wtemp6                   (abs)        007F


FUNCTION INFORMATION:

 *************** function _main *****************
 Defined at:
		line 44 in file "C:\Users\enzoa\OneDrive\Documents\GitHub\3rd_Year_Archives\CpE3201_Embedded_Systems\Practical_Activities\PA4\LE4-6\LE4-7.c"
 Parameters:    Size  Location     Type
		None
 Auto vars:     Size  Location     Type
		None
 Return value:  Size  Location     Type
		None               void
 Registers used:
		wreg, fsr0l, fsr0h, status,2, status,0, pclath, cstack
 Tracked objects:
		On entry : 
		On exit  : 
		Unchanged: 
 Data sizes:     COMMON   BANK0   BANK1   BANK3   BANK2
      Params:         0       0       0       0       0
      Locals:         0       0       0       0       0
      Temps:          0       1       0       0       0
      Totals:         0       1       0       0       0
Total ram usage:        1 bytes
 Hardware stack levels required when called:    2
 This function calls:
		_delay_ms
		_updatePWM
 This function is called by:
		Startup code after reset
 This function uses a non-reentrant model


 *************** function _updatePWM *****************
 Defined at:
		line 30 in file "C:\Users\enzoa\OneDrive\Documents\GitHub\3rd_Year_Archives\CpE3201_Embedded_Systems\Practical_Activities\PA4\LE4-6\LE4-7.c"
 Parameters:    Size  Location     Type
		None
 Auto vars:     Size  Location     Type
  dcVal           2    5[BANK0 ] unsigned int 
  pr2             1    7[BANK0 ] unsigned char 
  duty            1    4[BANK0 ] unsigned char 
 Return value:  Size  Location     Type
		None               void
 Registers used:
		wreg, fsr0l, fsr0h, status,2, status,0, pclath, cstack
 Tracked objects:
		On entry : 
		On exit  : 
		Unchanged: 
 Data sizes:     COMMON   BANK0   BANK1   BANK3   BANK2
      Params:         0       0       0       0       0
      Locals:         0       4       0       0       0
      Temps:          0       4       0       0       0
      Totals:         0       8       0       0       0
Total ram usage:        8 bytes
 Hardware stack levels used:    1
 Hardware stack levels required when called:    1
 This function calls:
		___lwdiv
		___wmul
 This function is called by:
		_main
 This function uses a non-reentrant model


 *************** function ___wmul *****************
 Defined at:
		line 15 in file "C:\Program Files (x86)\Microchip\xc8\v1.33\sources\common\Umul16.c"
 Parameters:    Size  Location     Type
  multiplier      2    0[COMMON] unsigned int 
  multiplicand    2    2[COMMON] unsigned int 
 Auto vars:     Size  Location     Type
  product         2    4[COMMON] unsigned int 
 Return value:  Size  Location     Type
                  2    0[COMMON] unsigned int 
 Registers used:
		wreg, status,2, status,0
 Tracked objects:
		On entry : 
		On exit  : 
		Unchanged: 
 Data sizes:     COMMON   BANK0   BANK1   BANK3   BANK2
      Params:         4       0       0       0       0
      Locals:         2       0       0       0       0
      Temps:          0       0       0       0       0
      Totals:         6       0       0       0       0
Total ram usage:        6 bytes
 Hardware stack levels used:    1
 This function calls:
		Nothing
 This function is called by:
		_updatePWM
 This function uses a non-reentrant model


 *************** function ___lwdiv *****************
 Defined at:
		line 6 in file "C:\Program Files (x86)\Microchip\xc8\v1.33\sources\common\lwdiv.c"
 Parameters:    Size  Location     Type
  divisor         2    6[COMMON] unsigned int 
  dividend        2    8[COMMON] unsigned int 
 Auto vars:     Size  Location     Type
  quotient        2   11[COMMON] unsigned int 
  counter         1   13[COMMON] unsigned char 
 Return value:  Size  Location     Type
                  2    6[COMMON] unsigned int 
 Registers used:
		wreg, status,2, status,0
 Tracked objects:
		On entry : 
		On exit  : 
		Unchanged: 
 Data sizes:     COMMON   BANK0   BANK1   BANK3   BANK2
      Params:         4       0       0       0       0
      Locals:         3       0       0       0       0
      Temps:          1       0       0       0       0
      Totals:         8       0       0       0       0
Total ram usage:        8 bytes
 Hardware stack levels used:    1
 This function calls:
		Nothing
 This function is called by:
		_updatePWM
 This function uses a non-reentrant model


 *************** function _delay_ms *****************
 Defined at:
		line 24 in file "C:\Users\enzoa\OneDrive\Documents\GitHub\3rd_Year_Archives\CpE3201_Embedded_Systems\Practical_Activities\PA4\LE4-6\LE4-7.c"
 Parameters:    Size  Location     Type
  ms              2    0[COMMON] unsigned int 
 Auto vars:     Size  Location     Type
  j               2    4[COMMON] unsigned int 
  i               2    2[COMMON] unsigned int 
 Return value:  Size  Location     Type
		None               void
 Registers used:
		wreg, status,2, status,0
 Tracked objects:
		On entry : 
		On exit  : 
		Unchanged: 
 Data sizes:     COMMON   BANK0   BANK1   BANK3   BANK2
      Params:         2       0       0       0       0
      Locals:         4       0       0       0       0
      Temps:          0       0       0       0       0
      Totals:         6       0       0       0       0
Total ram usage:        6 bytes
 Hardware stack levels used:    1
 This function calls:
		Nothing
 This function is called by:
		_main
 This function uses a non-reentrant model



MODULE INFORMATION

Module		Function		Class		Link	Load	Size
C:\Program Files (x86)\Microchip\xc8\v1.33\sources\common\Umul16.c
		___wmul        		CODE           	06A6	0000	35

C:\Program Files (x86)\Microchip\xc8\v1.33\sources\common\Umul16.c estimated size: 35

C:\Users\enzoa\OneDrive\Documents\GitHub\3rd_Year_Archives\CpE3201_Embedded_Systems\Practical_Activities\PA4\LE4-6\LE4-7.c
		_updatePWM     		CODE           	078C	0000	110
		_main          		CODE           	072E	0000	94
		_delay_ms      		CODE           	06C9	0000	39

C:\Users\enzoa\OneDrive\Documents\GitHub\3rd_Year_Archives\CpE3201_Embedded_Systems\Practical_Activities\PA4\LE4-6\LE4-7.c estimated size: 243

C:\Program Files (x86)\Microchip\xc8\v1.33\sources\common\lwdiv.c
		___lwdiv       		CODE           	06F0	0000	62

C:\Program Files (x86)\Microchip\xc8\v1.33\sources\common\lwdiv.c estimated size: 62

shared
		__stringtab    		STRING         	0003	0000	6
		_dutyTable     		STRING         	0009	0000	5
		__initializatio		CODE           	07FA	0000	2
		_pr2Table      		STRING         	000E	0000	3

shared estimated size: 16

